<html>
<body>
<pre>
<h1>µVision Build Log</h1>
<h2>Tool Versions:</h2>
IDE-Version: µVision V5.36.0.0
Copyright (C) 2021 ARM Ltd and ARM Germany GmbH. All rights reserved.
License Information: Arsakab Firoozi, VAF, LIC=----
 
Tool Versions:
Toolchain:       MDK-Lite  Version: 5.36.0.0
Toolchain Path:  C:\Keil_v5\ARM\ARMCLANG\Bin
C Compiler:      ArmClang.exe V6.16
Assembler:       Armasm.exe V6.16
Linker/Locator:  ArmLink.exe V6.16
Library Manager: ArmAr.exe V6.16
Hex Converter:   FromElf.exe V6.16
CPU DLL:         SARMCM3.DLL V5.36.0.0
Dialog DLL:      DCM.DLL V1.17.3.0
Target DLL:      STLink\ST-LINKIII-KEIL_SWO.dll V3.0.9.0
Dialog DLL:      TCM.DLL V1.53.0.0
 
<h2>Project:</h2>
D:\HW\Lab uProcessor\Lab5\Q1\Main.uvprojx
Project File Date:  01/09/2022

<h2>Output:</h2>
*** Using Compiler 'V6.16', folder: 'C:\Keil_v5\ARM\ARMCLANG\Bin'
Rebuild target 'Target 1'
assembling startup_stm32f10x_md.s...
main.c(12): warning: no previous extern declaration for non-static variable 'n' [-Wmissing-variable-declarations]
const int n = 100;
          ^
main.c(12): note: declare 'static' if the variable is not intended to be used outside of this translation unit
const int n = 100;
      ^
main.c(13): warning: variable length array used [-Wvla]
volatile uint32_t temp[n];
                       ^
main.c(13): warning: variable length array folded to constant array as an extension [-Wgnu-folding-constant]
volatile uint32_t temp[n];
                  ^
main.c(14): warning: no previous extern declaration for non-static variable 'temp_avg' [-Wmissing-variable-declarations]
volatile float temp_avg = 0;
               ^
main.c(14): note: declare 'static' if the variable is not intended to be used outside of this translation unit
volatile float temp_avg = 0;
         ^
main.c(27): warning: implicit conversion loses floating-point precision: 'double' to 'float' [-Wimplicit-float-conversion]
        temp_avg = t / n * 3300/4096 * (-0.7) + 472.0;
                 ~ ~~~~~~~~~~~~~~~~~~~~~~~~~~~^~~~~~~
main.c(28): warning: implicit conversion turns floating-point number into integer: 'double' to 'uint16_t' (aka 'unsigned short') [-Wfloat-conversion]
        USART_SendData(USART2, floor(temp_avg));
        ~~~~~~~~~~~~~~         ^~~~~~~~~~~~~~~
main.c(28): warning: implicit conversion increases floating-point precision: 'volatile float' to 'double' [-Wdouble-promotion]
        USART_SendData(USART2, floor(temp_avg));
                               ~~~~~ ^~~~~~~~
main.c(2): warning: In file included from...
C:/Users/Personal Account/AppData/Local/Arm/Packs/Keil/STM32F1xx_DFP/2.3.0/Device/Include\stm32f10x.h(8302): warning: In file included from...
./RTE/Device/STM32F103CB\stm32f10x_conf.h(90): warning: In file included from...
C:/Users/Personal Account/AppData/Local/Arm/Packs/Keil/STM32F1xx_DFP/2.3.0/Device/StdPeriph_Driver/inc\stm32f10x_usart.h(50): warning: padding size of 'USART_InitTypeDef' with 2 bytes to alignment boundary [-Wpadded]
typedef struct
        ^
main.c(2): warning: In file included from...
C:/Users/Personal Account/AppData/Local/Arm/Packs/Keil/STM32F1xx_DFP/2.3.0/Device/Include\stm32f10x.h(8302): warning: In file included from...
./RTE/Device/STM32F103CB\stm32f10x_conf.h(30): warning: In file included from...
C:/Users/Personal Account/AppData/Local/Arm/Packs/Keil/STM32F1xx_DFP/2.3.0/Device/StdPeriph_Driver/inc\stm32f10x_adc.h(64): warning: padding struct 'ADC_InitTypeDef' with 2 bytes to align 'ADC_ExternalTrigConv' [-Wpadded]
  uint32_t ADC_ExternalTrigConv;          /*!< Defines the external trigger used to start the analog
           ^
C:/Users/Personal Account/AppData/Local/Arm/Packs/Keil/STM32F1xx_DFP/2.3.0/Device/StdPeriph_Driver/inc\stm32f10x_adc.h(50): warning: padding size of 'ADC_InitTypeDef' with 3 bytes to alignment boundary [-Wpadded]
typedef struct
        ^
main.c(13): warning: no previous extern declaration for non-static variable 'temp' [-Wmissing-variable-declarations]
volatile uint32_t temp[n];
                  ^
main.c(13): note: declare 'static' if the variable is not intended to be used outside of this translation unit
volatile uint32_t temp[n];
         ^
11 warnings generated.
compiling main.c...
C:/Users/Personal Account/AppData/Local/Arm/Packs/Keil/STM32F1xx_DFP/2.3.0/Device/StdPeriph_Driver/src/misc.c(132): warning: implicit conversion loses integer precision: 'uint32_t' (aka 'unsigned int') to 'uint8_t' (aka 'unsigned char') [-Wimplicit-int-conversion]
    NVIC->IP[NVIC_InitStruct->NVIC_IRQChannel] = tmppriority;
                                               ~ ^~~~~~~~~~~
1 warning generated.
compiling misc.c...
C:/Users/Personal Account/AppData/Local/Arm/Packs/Keil/STM32F1xx_DFP/2.3.0/Device/StdPeriph_Driver/src/stm32f10x_exti.c(23): warning: In file included from...
C:/Users/Personal Account/AppData/Local/Arm/Packs/Keil/STM32F1xx_DFP/2.3.0/Device/StdPeriph_Driver/inc\stm32f10x_exti.h(76): warning: padding size of 'EXTI_InitTypeDef' with 1 byte to alignment boundary [-Wpadded]
typedef struct
        ^
1 warning generated.
compiling stm32f10x_exti.c...
compiling stm32f10x_gpio.c...
compiling stm32f10x_rcc.c...
C:/Users/Personal Account/AppData/Local/Arm/Packs/Keil/STM32F1xx_DFP/2.3.0/Device/StdPeriph_Driver/src/stm32f10x_adc.c(23): warning: In file included from...
C:/Users/Personal Account/AppData/Local/Arm/Packs/Keil/STM32F1xx_DFP/2.3.0/Device/StdPeriph_Driver/inc\stm32f10x_adc.h(64): warning: padding struct 'ADC_InitTypeDef' with 2 bytes to align 'ADC_ExternalTrigConv' [-Wpadded]
  uint32_t ADC_ExternalTrigConv;          /*!< Defines the external trigger used to start the analog
           ^
C:/Users/Personal Account/AppData/Local/Arm/Packs/Keil/STM32F1xx_DFP/2.3.0/Device/StdPeriph_Driver/inc\stm32f10x_adc.h(50): warning: padding size of 'ADC_InitTypeDef' with 3 bytes to alignment boundary [-Wpadded]
typedef struct
        ^
2 warnings generated.
compiling stm32f10x_adc.c...
RTE/Device/STM32F103CB/system_stm32f10x.c(167): warning: no previous extern declaration for non-static variable 'AHBPrescTable' [-Wmissing-variable-declarations]
__I uint8_t AHBPrescTable[16] = {0, 0, 0, 0, 0, 0, 0, 0, 1, 2, 3, 4, 6, 7, 8, 9};
            ^
RTE/Device/STM32F103CB/system_stm32f10x.c(167): note: declare 'static' if the variable is not intended to be used outside of this translation unit
__I uint8_t AHBPrescTable[16] = {0, 0, 0, 0, 0, 0, 0, 0, 1, 2, 3, 4, 6, 7, 8, 9};
    ^
1 warning generated.
compiling system_stm32f10x.c...
C:/Users/Personal Account/AppData/Local/Arm/Packs/Keil/STM32F1xx_DFP/2.3.0/Device/StdPeriph_Driver/src/stm32f10x_usart.c(23): warning: In file included from...
C:/Users/Personal Account/AppData/Local/Arm/Packs/Keil/STM32F1xx_DFP/2.3.0/Device/StdPeriph_Driver/inc\stm32f10x_usart.h(50): warning: padding size of 'USART_InitTypeDef' with 2 bytes to alignment boundary [-Wpadded]
typedef struct
        ^
C:/Users/Personal Account/AppData/Local/Arm/Packs/Keil/STM32F1xx_DFP/2.3.0/Device/StdPeriph_Driver/src/stm32f10x_usart.c(1043): warning: implicit conversion loses integer precision: 'int' to 'uint16_t' (aka 'unsigned short') [-Wimplicit-int-conversion]
  itmask = ((uint16_t)0x01 << (uint16_t)bitpos);
         ~  ~~~~~~~~~~~~~~~^~~~~~~~~~~~~~~~~~~
2 warnings generated.
compiling stm32f10x_usart.c...
linking...
Program Size: Code=4350 RO-data=274 RW-data=0 ZI-data=2040  
".\Objects\Main.axf" - 0 Error(s), 18 Warning(s).

<h2>Software Packages used:</h2>

Package Vendor: ARM
                http://www.keil.com/pack/ARM.CMSIS.5.8.0.pack
                ARM.CMSIS.5.8.0
                CMSIS (Common Microcontroller Software Interface Standard)
   * Component: CORE Version: 5.5.0

Package Vendor: Keil
                http://www.keil.com/pack/Keil.STM32F1xx_DFP.2.3.0.pack
                Keil.STM32F1xx_DFP.2.3.0
                STMicroelectronics STM32F1 Series Device Support, Drivers and Examples
   * Component: Startup Version: 1.0.0
   * Component: ADC Version: 3.5.0
   * Component: EXTI Version: 3.5.0
   * Component: Framework Version: 3.5.1
   * Component: GPIO Version: 3.5.0
   * Component: RCC Version: 3.5.0
   * Component: USART Version: 3.5.0

<h2>Collection of Component include folders:</h2>
  .\RTE\Device\STM32F103CB
  .\RTE\_Target_1
  C:\Users\Personal Account\AppData\Local\Arm\Packs\ARM\CMSIS\5.8.0\CMSIS\Core\Include
  C:\Users\Personal Account\AppData\Local\Arm\Packs\Keil\STM32F1xx_DFP\2.3.0\Device\Include
  C:\Users\Personal Account\AppData\Local\Arm\Packs\Keil\STM32F1xx_DFP\2.3.0\Device\StdPeriph_Driver\inc

<h2>Collection of Component Files used:</h2>

   * Component: ARM::CMSIS:CORE:5.5.0

   * Component: Keil::Device:Startup:1.0.0
      Source file:   Device\Source\ARM\startup_stm32f10x_md.s
      Source file:   Device\Source\system_stm32f10x.c
      Source file:   Device\Source\ARM\STM32F1xx_OPT.s
      Include file:  RTE_Driver\Config\RTE_Device.h

   * Component: Keil::Device:StdPeriph Drivers:ADC:3.5.0
      Source file:   Device\StdPeriph_Driver\src\stm32f10x_adc.c
      Include file:  Device\StdPeriph_Driver\inc\stm32f10x_adc.h

   * Component: Keil::Device:StdPeriph Drivers:EXTI:3.5.0
      Source file:   Device\StdPeriph_Driver\src\stm32f10x_exti.c
      Include file:  Device\StdPeriph_Driver\inc\stm32f10x_exti.h

   * Component: Keil::Device:StdPeriph Drivers:Framework:3.5.1
      Source file:   Device\StdPeriph_Driver\templates\stm32f10x_conf.h
      Source file:   Device\StdPeriph_Driver\src\misc.c
      Include file:  Device\StdPeriph_Driver\inc\misc.h
      Source file:   Device\StdPeriph_Driver\templates\stm32f10x_it.c
      Include file:  Device\StdPeriph_Driver\templates\stm32f10x_it.h

   * Component: Keil::Device:StdPeriph Drivers:GPIO:3.5.0
      Include file:  Device\StdPeriph_Driver\inc\stm32f10x_gpio.h
      Source file:   Device\StdPeriph_Driver\src\stm32f10x_gpio.c

   * Component: Keil::Device:StdPeriph Drivers:RCC:3.5.0
      Source file:   Device\StdPeriph_Driver\src\stm32f10x_rcc.c
      Include file:  Device\StdPeriph_Driver\inc\stm32f10x_rcc.h

   * Component: Keil::Device:StdPeriph Drivers:USART:3.5.0
      Include file:  Device\StdPeriph_Driver\inc\stm32f10x_usart.h
      Source file:   Device\StdPeriph_Driver\src\stm32f10x_usart.c
Build Time Elapsed:  00:00:02
</pre>
</body>
</html>
